// Vitest Snapshot v1, https://vitest.dev/guide/snapshot.html

exports[`Calculator (Vitest) > Snapshot Mismatch > should match snapshot 1`] = `
{
  "errors": [
    "Something went wrong",
  ],
  "status": "failed",
  "timestamp": 1761317867279,
}
`;
